[0m[38;5;245mrunning 2 tests from ./test/event-system.test.ts[0m
?대깽??援щ룆 諛??ㅽ뻾 ...
[0m[38;5;245m------- output -------[0m
DEBUG: Registered aliveListener for TEST_EVENT
[0m[38;5;245m----- output end -----[0m

[0m[32mok[0m | 0 passed | 0 failed [0m[38;5;245m(22ms)[0m

node.exe : [0m[1m[31merror[0m: Promise resolution is s
till pending but the event loop has already resolved
위치 C:\Users\rycon\AppData\Roaming\npm\deno.ps1:24 문자:5
+     & "node$exe"  "$basedir/node_modules/deno/bin.cjs" $
args
+     ~~~~~~~~~~~~~~~~~~~~~~~~~~~~~~~~~~~~~~~~~~~~~~~~~~~~
~~~~
    + CategoryInfo          : NotSpecified: ([0m[1m[31 
   mer...lready resolved:String) [], RemoteException
    + FullyQualifiedErrorId : NativeCommandError
 
